[2025-06-23T11:33:34.352+0900][gc] Using G1
[2025-06-23T11:33:34.368+0900][gc,init] Version: 17.0.15+6-Ubuntu-0ubuntu122.04 (release)
[2025-06-23T11:33:34.368+0900][gc,init] CPUs: 4 total, 4 available
[2025-06-23T11:33:34.368+0900][gc,init] Memory: 7897M
[2025-06-23T11:33:34.368+0900][gc,init] Large Page Support: Disabled
[2025-06-23T11:33:34.368+0900][gc,init] NUMA Support: Disabled
[2025-06-23T11:33:34.368+0900][gc,init] Compressed Oops: Enabled (32-bit)
[2025-06-23T11:33:34.368+0900][gc,init] Heap Region Size: 1M
[2025-06-23T11:33:34.368+0900][gc,init] Heap Min Capacity: 1G
[2025-06-23T11:33:34.368+0900][gc,init] Heap Initial Capacity: 1G
[2025-06-23T11:33:34.368+0900][gc,init] Heap Max Capacity: 1G
[2025-06-23T11:33:34.368+0900][gc,init] Pre-touch: Disabled
[2025-06-23T11:33:34.368+0900][gc,init] Parallel Workers: 4
[2025-06-23T11:33:34.368+0900][gc,init] Concurrent Workers: 1
[2025-06-23T11:33:34.369+0900][gc,init] Concurrent Refinement Workers: 4
[2025-06-23T11:33:34.369+0900][gc,init] Periodic GC: Disabled
[2025-06-23T11:33:34.377+0900][gc,metaspace] CDS archive(s) mapped at: [0x00007f0c33000000-0x00007f0c33bc7000-0x00007f0c33bc7000), size 12349440, SharedBaseAddress: 0x00007f0c33000000, ArchiveRelocationMode: 1.
[2025-06-23T11:33:34.377+0900][gc,metaspace] Compressed class space mapped at: 0x00007f0c34000000-0x00007f0c74000000, reserved size: 1073741824
[2025-06-23T11:33:34.377+0900][gc,metaspace] Narrow klass base: 0x00007f0c33000000, Narrow klass shift: 0, Narrow klass range: 0x100000000
[2025-06-23T11:33:35.282+0900][gc,start    ] GC(0) Pause Young (Normal) (G1 Evacuation Pause)
[2025-06-23T11:33:35.282+0900][gc,task     ] GC(0) Using 4 workers of 4 for evacuation
[2025-06-23T11:33:35.288+0900][gc,phases   ] GC(0)   Pre Evacuate Collection Set: 0.1ms
[2025-06-23T11:33:35.288+0900][gc,phases   ] GC(0)   Merge Heap Roots: 0.1ms
[2025-06-23T11:33:35.288+0900][gc,phases   ] GC(0)   Evacuate Collection Set: 5.3ms
[2025-06-23T11:33:35.288+0900][gc,phases   ] GC(0)   Post Evacuate Collection Set: 0.4ms
[2025-06-23T11:33:35.288+0900][gc,phases   ] GC(0)   Other: 0.4ms
[2025-06-23T11:33:35.288+0900][gc,heap     ] GC(0) Eden regions: 51->0(44)
[2025-06-23T11:33:35.288+0900][gc,heap     ] GC(0) Survivor regions: 0->7(7)
[2025-06-23T11:33:35.288+0900][gc,heap     ] GC(0) Old regions: 0->2
[2025-06-23T11:33:35.288+0900][gc,heap     ] GC(0) Archive regions: 2->2
[2025-06-23T11:33:35.288+0900][gc,heap     ] GC(0) Humongous regions: 0->0
[2025-06-23T11:33:35.288+0900][gc,metaspace] GC(0) Metaspace: 17744K(17920K)->17744K(17920K) NonClass: 15761K(15872K)->15761K(15872K) Class: 1983K(2048K)->1983K(2048K)
[2025-06-23T11:33:35.288+0900][gc          ] GC(0) Pause Young (Normal) (G1 Evacuation Pause) 51M->9M(1024M) 6.283ms
[2025-06-23T11:33:35.288+0900][gc,cpu      ] GC(0) User=0.03s Sys=0.00s Real=0.01s
[2025-06-23T11:33:35.398+0900][gc,start    ] GC(1) Pause Young (Concurrent Start) (Metadata GC Threshold)
[2025-06-23T11:33:35.398+0900][gc,task     ] GC(1) Using 4 workers of 4 for evacuation
[2025-06-23T11:33:35.403+0900][gc,phases   ] GC(1)   Pre Evacuate Collection Set: 0.1ms
[2025-06-23T11:33:35.403+0900][gc,phases   ] GC(1)   Merge Heap Roots: 0.1ms
[2025-06-23T11:33:35.403+0900][gc,phases   ] GC(1)   Evacuate Collection Set: 4.8ms
[2025-06-23T11:33:35.403+0900][gc,phases   ] GC(1)   Post Evacuate Collection Set: 0.3ms
[2025-06-23T11:33:35.403+0900][gc,phases   ] GC(1)   Other: 0.1ms
[2025-06-23T11:33:35.403+0900][gc,heap     ] GC(1) Eden regions: 12->0(50)
[2025-06-23T11:33:35.403+0900][gc,heap     ] GC(1) Survivor regions: 7->1(7)
[2025-06-23T11:33:35.403+0900][gc,heap     ] GC(1) Old regions: 2->9
[2025-06-23T11:33:35.403+0900][gc,heap     ] GC(1) Archive regions: 2->2
[2025-06-23T11:33:35.403+0900][gc,heap     ] GC(1) Humongous regions: 0->0
[2025-06-23T11:33:35.403+0900][gc,metaspace] GC(1) Metaspace: 21313K(21504K)->21313K(21504K) NonClass: 19030K(19136K)->19030K(19136K) Class: 2283K(2368K)->2283K(2368K)
[2025-06-23T11:33:35.403+0900][gc          ] GC(1) Pause Young (Concurrent Start) (Metadata GC Threshold) 21M->10M(1024M) 5.528ms
[2025-06-23T11:33:35.403+0900][gc,cpu      ] GC(1) User=0.02s Sys=0.00s Real=0.01s
[2025-06-23T11:33:35.404+0900][gc          ] GC(2) Concurrent Mark Cycle
[2025-06-23T11:33:35.404+0900][gc,marking  ] GC(2) Concurrent Clear Claimed Marks
[2025-06-23T11:33:35.404+0900][gc,marking  ] GC(2) Concurrent Clear Claimed Marks 0.015ms
[2025-06-23T11:33:35.404+0900][gc,marking  ] GC(2) Concurrent Scan Root Regions
[2025-06-23T11:33:35.407+0900][gc,marking  ] GC(2) Concurrent Scan Root Regions 3.170ms
[2025-06-23T11:33:35.407+0900][gc,marking  ] GC(2) Concurrent Mark
[2025-06-23T11:33:35.407+0900][gc,marking  ] GC(2) Concurrent Mark From Roots
[2025-06-23T11:33:35.407+0900][gc,task     ] GC(2) Using 1 workers of 1 for marking
[2025-06-23T11:33:35.412+0900][gc,marking  ] GC(2) Concurrent Mark From Roots 5.266ms
[2025-06-23T11:33:35.412+0900][gc,marking  ] GC(2) Concurrent Preclean
[2025-06-23T11:33:35.412+0900][gc,marking  ] GC(2) Concurrent Preclean 0.077ms
[2025-06-23T11:33:35.412+0900][gc,start    ] GC(2) Pause Remark
[2025-06-23T11:33:35.414+0900][gc          ] GC(2) Pause Remark 11M->11M(1024M) 1.832ms
[2025-06-23T11:33:35.414+0900][gc,cpu      ] GC(2) User=0.00s Sys=0.00s Real=0.00s
[2025-06-23T11:33:35.414+0900][gc,marking  ] GC(2) Concurrent Mark 7.379ms
[2025-06-23T11:33:35.414+0900][gc,marking  ] GC(2) Concurrent Rebuild Remembered Sets
[2025-06-23T11:33:35.419+0900][gc,marking  ] GC(2) Concurrent Rebuild Remembered Sets 5.062ms
[2025-06-23T11:33:35.419+0900][gc,start    ] GC(2) Pause Cleanup
[2025-06-23T11:33:35.419+0900][gc          ] GC(2) Pause Cleanup 11M->11M(1024M) 0.104ms
[2025-06-23T11:33:35.419+0900][gc,cpu      ] GC(2) User=0.00s Sys=0.00s Real=0.00s
[2025-06-23T11:33:35.419+0900][gc,marking  ] GC(2) Concurrent Cleanup for Next Mark
[2025-06-23T11:33:35.428+0900][gc,marking  ] GC(2) Concurrent Cleanup for Next Mark 8.853ms
[2025-06-23T11:33:35.428+0900][gc          ] GC(2) Concurrent Mark Cycle 24.878ms
[2025-06-23T11:33:36.522+0900][gc,start    ] GC(3) Pause Young (Normal) (G1 Evacuation Pause)
[2025-06-23T11:33:36.522+0900][gc,task     ] GC(3) Using 4 workers of 4 for evacuation
[2025-06-23T11:33:36.528+0900][gc,phases   ] GC(3)   Pre Evacuate Collection Set: 0.1ms
[2025-06-23T11:33:36.528+0900][gc,phases   ] GC(3)   Merge Heap Roots: 0.0ms
[2025-06-23T11:33:36.528+0900][gc,phases   ] GC(3)   Evacuate Collection Set: 4.8ms
[2025-06-23T11:33:36.528+0900][gc,phases   ] GC(3)   Post Evacuate Collection Set: 0.4ms
[2025-06-23T11:33:36.528+0900][gc,phases   ] GC(3)   Other: 0.1ms
[2025-06-23T11:33:36.528+0900][gc,heap     ] GC(3) Eden regions: 50->0(47)
[2025-06-23T11:33:36.528+0900][gc,heap     ] GC(3) Survivor regions: 1->4(7)
[2025-06-23T11:33:36.528+0900][gc,heap     ] GC(3) Old regions: 9->9
[2025-06-23T11:33:36.528+0900][gc,heap     ] GC(3) Archive regions: 2->2
[2025-06-23T11:33:36.528+0900][gc,heap     ] GC(3) Humongous regions: 9->9
[2025-06-23T11:33:36.528+0900][gc,metaspace] GC(3) Metaspace: 32081K(32320K)->32081K(32320K) NonClass: 28490K(28608K)->28490K(28608K) Class: 3591K(3712K)->3591K(3712K)
[2025-06-23T11:33:36.528+0900][gc          ] GC(3) Pause Young (Normal) (G1 Evacuation Pause) 69M->22M(1024M) 5.535ms
[2025-06-23T11:33:36.528+0900][gc,cpu      ] GC(3) User=0.02s Sys=0.01s Real=0.01s
[2025-06-23T11:33:36.777+0900][gc,start    ] GC(4) Pause Young (Concurrent Start) (Metadata GC Threshold)
[2025-06-23T11:33:36.777+0900][gc,task     ] GC(4) Using 4 workers of 4 for evacuation
[2025-06-23T11:33:36.785+0900][gc,phases   ] GC(4)   Pre Evacuate Collection Set: 0.1ms
[2025-06-23T11:33:36.785+0900][gc,phases   ] GC(4)   Merge Heap Roots: 0.1ms
[2025-06-23T11:33:36.785+0900][gc,phases   ] GC(4)   Evacuate Collection Set: 7.4ms
[2025-06-23T11:33:36.785+0900][gc,phases   ] GC(4)   Post Evacuate Collection Set: 0.4ms
[2025-06-23T11:33:36.785+0900][gc,phases   ] GC(4)   Other: 0.1ms
[2025-06-23T11:33:36.785+0900][gc,heap     ] GC(4) Eden regions: 28->0(44)
[2025-06-23T11:33:36.785+0900][gc,heap     ] GC(4) Survivor regions: 4->7(7)
[2025-06-23T11:33:36.785+0900][gc,heap     ] GC(4) Old regions: 9->10
[2025-06-23T11:33:36.785+0900][gc,heap     ] GC(4) Archive regions: 2->2
[2025-06-23T11:33:36.785+0900][gc,heap     ] GC(4) Humongous regions: 9->9
[2025-06-23T11:33:36.785+0900][gc,metaspace] GC(4) Metaspace: 35755K(36096K)->35755K(36096K) NonClass: 31761K(31936K)->31761K(31936K) Class: 3994K(4160K)->3994K(4160K)
[2025-06-23T11:33:36.785+0900][gc          ] GC(4) Pause Young (Concurrent Start) (Metadata GC Threshold) 50M->26M(1024M) 8.231ms
[2025-06-23T11:33:36.785+0900][gc,cpu      ] GC(4) User=0.03s Sys=0.00s Real=0.01s
[2025-06-23T11:33:36.785+0900][gc          ] GC(5) Concurrent Mark Cycle
[2025-06-23T11:33:36.785+0900][gc,marking  ] GC(5) Concurrent Clear Claimed Marks
[2025-06-23T11:33:36.785+0900][gc,marking  ] GC(5) Concurrent Clear Claimed Marks 0.026ms
[2025-06-23T11:33:36.785+0900][gc,marking  ] GC(5) Concurrent Scan Root Regions
[2025-06-23T11:33:36.792+0900][gc,marking  ] GC(5) Concurrent Scan Root Regions 6.616ms
[2025-06-23T11:33:36.792+0900][gc,marking  ] GC(5) Concurrent Mark
[2025-06-23T11:33:36.792+0900][gc,marking  ] GC(5) Concurrent Mark From Roots
[2025-06-23T11:33:36.792+0900][gc,task     ] GC(5) Using 1 workers of 1 for marking
[2025-06-23T11:33:36.803+0900][gc,marking  ] GC(5) Concurrent Mark From Roots 11.828ms
[2025-06-23T11:33:36.803+0900][gc,marking  ] GC(5) Concurrent Preclean
[2025-06-23T11:33:36.804+0900][gc,marking  ] GC(5) Concurrent Preclean 0.125ms
[2025-06-23T11:33:36.804+0900][gc,start    ] GC(5) Pause Remark
[2025-06-23T11:33:36.805+0900][gc          ] GC(5) Pause Remark 27M->27M(1024M) 1.575ms
[2025-06-23T11:33:36.805+0900][gc,cpu      ] GC(5) User=0.01s Sys=0.00s Real=0.00s
[2025-06-23T11:33:36.805+0900][gc,marking  ] GC(5) Concurrent Mark 13.766ms
[2025-06-23T11:33:36.805+0900][gc,marking  ] GC(5) Concurrent Rebuild Remembered Sets
[2025-06-23T11:33:36.810+0900][gc,marking  ] GC(5) Concurrent Rebuild Remembered Sets 4.415ms
[2025-06-23T11:33:36.810+0900][gc,start    ] GC(5) Pause Cleanup
[2025-06-23T11:33:36.810+0900][gc          ] GC(5) Pause Cleanup 28M->28M(1024M) 0.127ms
[2025-06-23T11:33:36.810+0900][gc,cpu      ] GC(5) User=0.01s Sys=0.00s Real=0.00s
[2025-06-23T11:33:36.810+0900][gc,marking  ] GC(5) Concurrent Cleanup for Next Mark
[2025-06-23T11:33:36.817+0900][gc,marking  ] GC(5) Concurrent Cleanup for Next Mark 7.474ms
[2025-06-23T11:33:36.818+0900][gc          ] GC(5) Concurrent Mark Cycle 32.652ms
[2025-06-23T11:34:12.814+0900][gc,start    ] GC(6) Pause Young (Concurrent Start) (G1 Evacuation Pause)
[2025-06-23T11:34:12.815+0900][gc,task     ] GC(6) Using 4 workers of 4 for evacuation
[2025-06-23T11:34:12.822+0900][gc,phases   ] GC(6)   Pre Evacuate Collection Set: 0.1ms
[2025-06-23T11:34:12.822+0900][gc,phases   ] GC(6)   Merge Heap Roots: 0.1ms
[2025-06-23T11:34:12.822+0900][gc,phases   ] GC(6)   Evacuate Collection Set: 6.9ms
[2025-06-23T11:34:12.822+0900][gc,phases   ] GC(6)   Post Evacuate Collection Set: 0.5ms
[2025-06-23T11:34:12.822+0900][gc,phases   ] GC(6)   Other: 0.1ms
[2025-06-23T11:34:12.822+0900][gc,heap     ] GC(6) Eden regions: 44->0(44)
[2025-06-23T11:34:12.822+0900][gc,heap     ] GC(6) Survivor regions: 7->7(7)
[2025-06-23T11:34:12.822+0900][gc,heap     ] GC(6) Old regions: 10->13
[2025-06-23T11:34:12.822+0900][gc,heap     ] GC(6) Archive regions: 2->2
[2025-06-23T11:34:12.822+0900][gc,heap     ] GC(6) Humongous regions: 144->138
[2025-06-23T11:34:12.822+0900][gc,metaspace] GC(6) Metaspace: 41353K(41792K)->41353K(41792K) NonClass: 36622K(36864K)->36622K(36864K) Class: 4730K(4928K)->4730K(4928K)
[2025-06-23T11:34:12.822+0900][gc          ] GC(6) Pause Young (Concurrent Start) (G1 Evacuation Pause) 205M->157M(1024M) 7.876ms
[2025-06-23T11:34:12.822+0900][gc,cpu      ] GC(6) User=0.03s Sys=0.00s Real=0.01s
[2025-06-23T11:34:12.822+0900][gc          ] GC(7) Concurrent Mark Cycle
[2025-06-23T11:34:12.822+0900][gc,marking  ] GC(7) Concurrent Clear Claimed Marks
[2025-06-23T11:34:12.822+0900][gc,marking  ] GC(7) Concurrent Clear Claimed Marks 0.035ms
[2025-06-23T11:34:12.822+0900][gc,marking  ] GC(7) Concurrent Scan Root Regions
[2025-06-23T11:34:12.830+0900][gc,marking  ] GC(7) Concurrent Scan Root Regions 7.965ms
[2025-06-23T11:34:12.830+0900][gc,marking  ] GC(7) Concurrent Mark
[2025-06-23T11:34:12.830+0900][gc,marking  ] GC(7) Concurrent Mark From Roots
[2025-06-23T11:34:12.830+0900][gc,task     ] GC(7) Using 1 workers of 1 for marking
[2025-06-23T11:34:12.842+0900][gc,marking  ] GC(7) Concurrent Mark From Roots 11.149ms
[2025-06-23T11:34:12.842+0900][gc,marking  ] GC(7) Concurrent Preclean
[2025-06-23T11:34:12.842+0900][gc,marking  ] GC(7) Concurrent Preclean 0.088ms
[2025-06-23T11:34:12.842+0900][gc,start    ] GC(7) Pause Remark
[2025-06-23T11:34:12.844+0900][gc          ] GC(7) Pause Remark 158M->158M(1024M) 2.278ms
[2025-06-23T11:34:12.844+0900][gc,cpu      ] GC(7) User=0.00s Sys=0.00s Real=0.01s
[2025-06-23T11:34:12.844+0900][gc,marking  ] GC(7) Concurrent Mark 13.694ms
[2025-06-23T11:34:12.844+0900][gc,marking  ] GC(7) Concurrent Rebuild Remembered Sets
[2025-06-23T11:34:12.850+0900][gc,marking  ] GC(7) Concurrent Rebuild Remembered Sets 6.189ms
[2025-06-23T11:34:12.850+0900][gc,start    ] GC(7) Pause Cleanup
[2025-06-23T11:34:12.851+0900][gc          ] GC(7) Pause Cleanup 158M->158M(1024M) 0.125ms
[2025-06-23T11:34:12.851+0900][gc,cpu      ] GC(7) User=0.00s Sys=0.00s Real=0.00s
[2025-06-23T11:34:12.851+0900][gc,marking  ] GC(7) Concurrent Cleanup for Next Mark
[2025-06-23T11:34:12.851+0900][gc,marking  ] GC(7) Concurrent Cleanup for Next Mark 0.833ms
[2025-06-23T11:34:12.851+0900][gc          ] GC(7) Concurrent Mark Cycle 29.086ms
[2025-06-23T11:37:29.410+0900][gc,heap,exit] Heap
[2025-06-23T11:37:29.410+0900][gc,heap,exit]  garbage-first heap   total 1048576K, used 205856K [0x00000000c0000000, 0x0000000100000000)
[2025-06-23T11:37:29.410+0900][gc,heap,exit]   region size 1024K, 51 young (52224K), 7 survivors (7168K)
[2025-06-23T11:37:29.410+0900][gc,heap,exit]  Metaspace       used 44388K, committed 44992K, reserved 1114112K
[2025-06-23T11:37:29.410+0900][gc,heap,exit]   class space    used 5252K, committed 5504K, reserved 1048576K
